date: Fri Oct  2 07:19:44 UTC 2026
Linux 6.8.0-1064-azure x86_64
PRETTY_NAME="Ubuntu 24.04.4 LTS"
NAME="Ubuntu"
4
commit: 258a929 docs: 제출 현황을 본선 기준으로 갱신
system: apt install libgl1 libglib2.0-0 (opencv-python 의존, paddleocr 2.7.3 이 강제 설치)
input: ./sample (50장)
+ python3.10 -m venv .venv
+ source .venv/bin/activate
++ deactivate nondestructive
++ '[' -n '' ']'
++ '[' -n '' ']'
++ '[' -n /bin/bash -o -n '' ']'
++ hash -r
++ '[' -n '' ']'
++ unset VIRTUAL_ENV
++ unset VIRTUAL_ENV_PROMPT
++ '[' '!' nondestructive = nondestructive ']'
++ VIRTUAL_ENV=/workspaces/itda3-dscover-capybara/.venv
++ export VIRTUAL_ENV
++ _OLD_VIRTUAL_PATH=/vscode/bin/linux-x64/07f806f999227108933c2e30515b26eecc1fda74/bin/remote-cli:/home/codespace/.local/bin:/usr/local/rubies/current/bin:/home/codespace/.dotnet:/home/codespace/nvm/current/bin:/home/codespace/.php/current/bin:/home/codespace/.python/current/bin:/home/codespace/java/current/bin:/home/codespace/.ruby/current/bin:/home/codespace/.local/bin:/usr/local/python/current/bin:/usr/local/py-utils/bin:/usr/local/jupyter:/usr/local/oryx:/usr/local/go/bin:/go/bin:/usr/local/sdkman/bin:/usr/local/sdkman/candidates/java/current/bin:/usr/local/sdkman/candidates/gradle/current/bin:/usr/local/sdkman/candidates/maven/current/bin:/usr/local/sdkman/candidates/ant/current/bin:/usr/local/share/rbenv/shims:/usr/local/share/rbenv/bin:/usr/local/rubies/current/bin:/usr/local/php/current/bin:/opt/conda/bin:/usr/local/share/nvm/versions/node/v24.20.0/bin:/usr/local/hugo/bin:/usr/local/sbin:/usr/local/bin:/usr/sbin:/usr/bin:/sbin:/bin:/usr/share/dotnet:/home/codespace/.dotnet/tools
++ PATH=/workspaces/itda3-dscover-capybara/.venv/bin:/vscode/bin/linux-x64/07f806f999227108933c2e30515b26eecc1fda74/bin/remote-cli:/home/codespace/.local/bin:/usr/local/rubies/current/bin:/home/codespace/.dotnet:/home/codespace/nvm/current/bin:/home/codespace/.php/current/bin:/home/codespace/.python/current/bin:/home/codespace/java/current/bin:/home/codespace/.ruby/current/bin:/home/codespace/.local/bin:/usr/local/python/current/bin:/usr/local/py-utils/bin:/usr/local/jupyter:/usr/local/oryx:/usr/local/go/bin:/go/bin:/usr/local/sdkman/bin:/usr/local/sdkman/candidates/java/current/bin:/usr/local/sdkman/candidates/gradle/current/bin:/usr/local/sdkman/candidates/maven/current/bin:/usr/local/sdkman/candidates/ant/current/bin:/usr/local/share/rbenv/shims:/usr/local/share/rbenv/bin:/usr/local/rubies/current/bin:/usr/local/php/current/bin:/opt/conda/bin:/usr/local/share/nvm/versions/node/v24.20.0/bin:/usr/local/hugo/bin:/usr/local/sbin:/usr/local/bin:/usr/sbin:/usr/bin:/sbin:/bin:/usr/share/dotnet:/home/codespace/.dotnet/tools
++ export PATH
++ '[' -n '' ']'
++ '[' -z '' ']'
++ _OLD_VIRTUAL_PS1='\[]633;A\]`export XIT=$? \
        && [ ! -z "${GITHUB_USER:-}" ] && echo -n "\[\033[0;32m\]@${GITHUB_USER:-} " || echo -n "\[\033[0;32m\]\u " \
        && [ "$XIT" -ne "0" ] && echo -n "\[\033[1;31m\]➜" || echo -n "\[\033[0m\]➜"` \[\033[1;34m\]\w `\
        if [ "$(git config --get devcontainers-theme.hide-status 2>/dev/null)" != 1 ] && [ "$(git config --get codespaces-theme.hide-status 2>/dev/null)" != 1 ]; then \
            export BRANCH="$(git --no-optional-locks symbolic-ref --short HEAD 2>/dev/null || git --no-optional-locks rev-parse --short HEAD 2>/dev/null)"; \
            if [ "${BRANCH:-}" != "" ]; then \
                echo -n "\[\033[0;36m\](\[\033[1;31m\]${BRANCH:-}" \
                && if [ "$(git config --get devcontainers-theme.show-dirty 2>/dev/null)" = 1 ] && \
                    git --no-optional-locks ls-files --error-unmatch -m --directory --no-empty-directory -o --exclude-standard ":/*" > /dev/null 2>&1; then \
                        echo -n " \[\033[1;33m\]✗"; \
                fi \
                && echo -n "\[\033[0;36m\]) "; \
            fi; \
        fi`\[\033[0m\]$ \[]633;B\]'
++ PS1='(.venv) \[]633;A\]`export XIT=$? \
        && [ ! -z "${GITHUB_USER:-}" ] && echo -n "\[\033[0;32m\]@${GITHUB_USER:-} " || echo -n "\[\033[0;32m\]\u " \
        && [ "$XIT" -ne "0" ] && echo -n "\[\033[1;31m\]➜" || echo -n "\[\033[0m\]➜"` \[\033[1;34m\]\w `\
        if [ "$(git config --get devcontainers-theme.hide-status 2>/dev/null)" != 1 ] && [ "$(git config --get codespaces-theme.hide-status 2>/dev/null)" != 1 ]; then \
            export BRANCH="$(git --no-optional-locks symbolic-ref --short HEAD 2>/dev/null || git --no-optional-locks rev-parse --short HEAD 2>/dev/null)"; \
            if [ "${BRANCH:-}" != "" ]; then \
                echo -n "\[\033[0;36m\](\[\033[1;31m\]${BRANCH:-}" \
                && if [ "$(git config --get devcontainers-theme.show-dirty 2>/dev/null)" = 1 ] && \
                    git --no-optional-locks ls-files --error-unmatch -m --directory --no-empty-directory -o --exclude-standard ":/*" > /dev/null 2>&1; then \
                        echo -n " \[\033[1;33m\]✗"; \
                fi \
                && echo -n "\[\033[0;36m\]) "; \
            fi; \
        fi`\[\033[0m\]$ \[]633;B\]'
++ export PS1
++ VIRTUAL_ENV_PROMPT='(.venv) '
++ export VIRTUAL_ENV_PROMPT
++ '[' -n /bin/bash -o -n '' ']'
++ hash -r
+ pip install -r requirements.txt
Collecting numpy==1.26.4
  Using cached numpy-1.26.4-cp310-cp310-manylinux_2_17_x86_64.manylinux2014_x86_64.whl (18.2 MB)
Collecting pandas==2.3.3
  Using cached pandas-2.3.3-cp310-cp310-manylinux_2_24_x86_64.manylinux_2_28_x86_64.whl (12.8 MB)
Collecting opencv-python==4.6.0.66
  Using cached opencv_python-4.6.0.66-cp36-abi3-manylinux_2_17_x86_64.manylinux2014_x86_64.whl (60.9 MB)
Collecting opencv-contrib-python==4.6.0.66
  Using cached opencv_contrib_python-4.6.0.66-cp36-abi3-manylinux_2_17_x86_64.manylinux2014_x86_64.whl (67.1 MB)
Collecting rapidocr==3.9.2
  Using cached rapidocr-3.9.2-py3-none-any.whl (27.3 MB)
Collecting paddlepaddle==2.6.2
  Using cached paddlepaddle-2.6.2-cp310-cp310-manylinux1_x86_64.whl (126.0 MB)
Collecting paddleocr==2.7.3
  Using cached paddleocr-2.7.3-py3-none-any.whl (780 kB)
Collecting setuptools==84.0.0
  Using cached setuptools-84.0.0-py3-none-any.whl (818 kB)
Collecting onnxruntime==1.19.2
  Using cached onnxruntime-1.19.2-cp310-cp310-manylinux_2_27_x86_64.manylinux_2_28_x86_64.whl (13.2 MB)
Collecting nbconvert==7.17.1
  Using cached nbconvert-7.17.1-py3-none-any.whl (261 kB)
Collecting ipykernel==7.3.0
  Using cached ipykernel-7.3.0-py3-none-any.whl (120 kB)
Collecting tzdata>=2022.7
  Using cached tzdata-2026.4-py2.py3-none-any.whl (347 kB)
Collecting pytz>=2020.1
  Using cached pytz-2026.4-py2.py3-none-any.whl (506 kB)
Collecting python-dateutil>=2.8.2
  Using cached python_dateutil-2.9.0.post0-py2.py3-none-any.whl (229 kB)
Collecting requests
  Using cached requests-2.34.2-py3-none-any.whl (73 kB)
Collecting colorlog
  Using cached colorlog-6.12.0-py3-none-any.whl (12 kB)
Collecting pyclipper>=1.2.0
  Using cached pyclipper-1.4.0-cp310-cp310-manylinux2014_x86_64.manylinux_2_17_x86_64.whl (970 kB)
Collecting Shapely!=2.0.4,>=1.7.1
  Using cached shapely-2.1.2-cp310-cp310-manylinux2014_x86_64.manylinux_2_17_x86_64.whl (3.1 MB)
Collecting six>=1.15.0
  Using cached six-1.17.0-py2.py3-none-any.whl (11 kB)
Collecting tqdm
  Using cached tqdm-4.70.1-py3-none-any.whl (80 kB)
Collecting omegaconf!=2.2.1
  Using cached omegaconf-2.3.1-py3-none-any.whl (79 kB)
Collecting PyYAML
  Using cached pyyaml-6.0.3-cp310-cp310-manylinux2014_x86_64.manylinux_2_17_x86_64.manylinux_2_28_x86_64.whl (770 kB)
Collecting Pillow
  Using cached pillow-12.3.0-cp310-cp310-manylinux_2_27_x86_64.manylinux_2_28_x86_64.whl (6.9 MB)
Collecting opt-einsum==3.3.0
  Using cached opt_einsum-3.3.0-py3-none-any.whl (65 kB)
Collecting decorator
  Using cached decorator-5.3.1-py3-none-any.whl (10 kB)
Collecting httpx
  Using cached httpx-0.28.1-py3-none-any.whl (73 kB)
Collecting astor
  Using cached astor-0.8.1-py2.py3-none-any.whl (27 kB)
Collecting protobuf>=3.20.2
  Using cached protobuf-7.36.2-cp310-abi3-manylinux2014_x86_64.whl (343 kB)
Collecting fonttools>=4.24.0
  Using cached fonttools-4.65.0-cp310-cp310-manylinux2014_x86_64.manylinux_2_17_x86_64.whl (5.3 MB)
Collecting cython
  Using cached cython-3.3.0-cp310-cp310-manylinux2014_x86_64.manylinux_2_17_x86_64.manylinux_2_28_x86_64.whl (3.5 MB)
Collecting premailer
  Using cached premailer-3.10.0-py2.py3-none-any.whl (19 kB)
Collecting lmdb
  Using cached lmdb-2.3.0-cp310-cp310-manylinux2014_x86_64.manylinux_2_17_x86_64.manylinux_2_28_x86_64.whl (333 kB)
Collecting beautifulsoup4
  Using cached beautifulsoup4-4.15.0-py3-none-any.whl (109 kB)
Collecting python-docx
  Using cached python_docx-1.2.0-py3-none-any.whl (252 kB)
Collecting scikit-image
  Using cached scikit_image-0.25.2-cp310-cp310-manylinux_2_17_x86_64.manylinux2014_x86_64.whl (14.8 MB)
Collecting pdf2docx
  Using cached pdf2docx-0.5.13-py3-none-any.whl (123 kB)
Collecting lxml
  Using cached lxml-6.1.3-cp310-cp310-manylinux_2_26_x86_64.manylinux_2_28_x86_64.whl (5.3 MB)
Collecting imgaug
  Using cached imgaug-0.4.0-py2.py3-none-any.whl (948 kB)
Collecting visualdl
  Using cached visualdl-2.5.3-py3-none-any.whl (6.3 MB)
Collecting rapidfuzz
  Using cached rapidfuzz-3.14.5-cp310-cp310-manylinux_2_27_x86_64.manylinux_2_28_x86_64.whl (3.2 MB)
Collecting fire>=0.3.0
  Using cached fire-0.7.1-py3-none-any.whl (115 kB)
Collecting openpyxl
  Using cached openpyxl-3.1.5-py2.py3-none-any.whl (250 kB)
Collecting attrdict
  Using cached attrdict-2.0.1-py2.py3-none-any.whl (9.9 kB)
Collecting flatbuffers
  Using cached flatbuffers-25.12.19-py2.py3-none-any.whl (26 kB)
Collecting coloredlogs
  Using cached coloredlogs-15.0.1-py2.py3-none-any.whl (46 kB)
Collecting sympy
  Using cached sympy-1.14.0-py3-none-any.whl (6.3 MB)
Collecting packaging
  Using cached packaging-26.3-py3-none-any.whl (129 kB)
Collecting jupyterlab-pygments
  Using cached jupyterlab_pygments-0.3.0-py3-none-any.whl (15 kB)
Collecting jinja2>=3.0
  Using cached jinja2-3.1.6-py3-none-any.whl (134 kB)
Collecting traitlets>=5.1
  Using cached traitlets-5.16.1-py3-none-any.whl (86 kB)
Collecting jupyter-core>=4.7
  Using cached jupyter_core-5.9.1-py3-none-any.whl (29 kB)
Collecting markupsafe>=2.0
  Using cached markupsafe-3.0.3-cp310-cp310-manylinux2014_x86_64.manylinux_2_17_x86_64.manylinux_2_28_x86_64.whl (20 kB)
Collecting mistune<4,>=2.0.3
  Using cached mistune-3.3.4-py3-none-any.whl (66 kB)
Collecting defusedxml
  Using cached defusedxml-0.7.1-py2.py3-none-any.whl (25 kB)
Collecting nbformat>=5.7
  Using cached nbformat-5.11.1-py3-none-any.whl (79 kB)
Collecting bleach[css]!=5.0.0
  Using cached bleach-6.4.0-py3-none-any.whl (165 kB)
Collecting pandocfilters>=1.4.1
  Using cached pandocfilters-1.5.1-py2.py3-none-any.whl (8.7 kB)
Collecting pygments>=2.4.1
  Using cached pygments-2.21.0-py3-none-any.whl (1.3 MB)
Collecting nbclient>=0.5.0
  Using cached nbclient-0.11.0-py3-none-any.whl (25 kB)
Collecting matplotlib-inline>=0.1
  Using cached matplotlib_inline-0.2.2-py3-none-any.whl (9.5 kB)
Collecting tornado>=6.4.1
  Using cached tornado-6.5.10-cp39-abi3-manylinux1_x86_64.manylinux_2_28_x86_64.manylinux_2_5_x86_64.whl (467 kB)
Collecting debugpy>=1.6.5
  Using cached debugpy-1.8.22-cp310-cp310-manylinux_2_34_x86_64.whl (3.0 MB)
Collecting comm>=0.1.1
  Using cached comm-0.2.3-py3-none-any.whl (7.3 kB)
Collecting psutil>=5.7
  Using cached psutil-7.2.2-cp36-abi3-manylinux2010_x86_64.manylinux_2_12_x86_64.manylinux_2_28_x86_64.whl (155 kB)
Collecting ipython>=7.23.1
  Using cached ipython-8.39.0-py3-none-any.whl (831 kB)
Collecting jupyter-client>=8.9.0
  Using cached jupyter_client-8.10.0-py3-none-any.whl (110 kB)
Collecting nest-asyncio2>=1.7.0
  Using cached nest_asyncio2-1.7.3-py3-none-any.whl (8.4 kB)
Collecting pyzmq>=25
  Using cached pyzmq-27.2.0-cp310-cp310-manylinux_2_26_x86_64.manylinux_2_28_x86_64.whl (888 kB)
Collecting webencodings
  Using cached webencodings-0.6.1-py3-none-any.whl (8.7 kB)
Collecting tinycss2>=1.1.0
  Using cached tinycss2-1.5.1-py3-none-any.whl (28 kB)
Collecting termcolor
  Using cached termcolor-3.3.0-py3-none-any.whl (7.7 kB)
Collecting prompt_toolkit<3.1.0,>=3.0.41
  Using cached prompt_toolkit-3.0.53-py3-none-any.whl (392 kB)
Collecting pexpect>4.3
  Using cached pexpect-4.9.0-py2.py3-none-any.whl (63 kB)
Collecting stack_data
  Using cached stack_data-0.6.3-py3-none-any.whl (24 kB)
Collecting jedi>=0.16
  Using cached jedi-0.20.0-py2.py3-none-any.whl (4.9 MB)
Collecting exceptiongroup
  Using cached exceptiongroup-1.3.1-py3-none-any.whl (16 kB)
Collecting typing_extensions>=4.6
  Using cached typing_extensions-4.16.0-py3-none-any.whl (45 kB)
Collecting platformdirs>=2.5
  Using cached platformdirs-4.12.2-py3-none-any.whl (32 kB)
Collecting fastjsonschema>=2.15
  Using cached fastjsonschema-2.22.2-py3-none-any.whl (27 kB)
Collecting jsonschema>=2.6
  Using cached jsonschema-4.26.0-py3-none-any.whl (90 kB)
Collecting antlr4-python3-runtime==4.9.*
  Using cached antlr4-python3-runtime-4.9.3.tar.gz (117 kB)
  Preparing metadata (setup.py): started
  Preparing metadata (setup.py): finished with status 'done'
Collecting soupsieve>=1.6.1
  Using cached soupsieve-2.10-py3-none-any.whl (38 kB)
Collecting humanfriendly>=9.1
  Using cached humanfriendly-10.0-py2.py3-none-any.whl (86 kB)
Collecting anyio
  Using cached anyio-4.15.1-py3-none-any.whl (132 kB)
Collecting certifi
  Using cached certifi-2026.7.22-py3-none-any.whl (136 kB)
Collecting httpcore==1.*
  Using cached httpcore-1.0.9-py3-none-any.whl (78 kB)
Collecting idna
  Using cached idna-3.20-py3-none-any.whl (69 kB)
Collecting h11>=0.16
  Using cached h11-0.16.0-py3-none-any.whl (37 kB)
Collecting matplotlib
  Using cached matplotlib-3.10.9-cp310-cp310-manylinux2014_x86_64.manylinux_2_17_x86_64.whl (8.8 MB)
Collecting imageio
  Using cached imageio-2.38.0-py3-none-any.whl (328 kB)
Collecting scipy
  Using cached scipy-1.15.3-cp310-cp310-manylinux_2_17_x86_64.manylinux2014_x86_64.whl (37.7 MB)
Collecting lazy-loader>=0.4
  Using cached lazy_loader-0.6-py3-none-any.whl (8.8 kB)
Collecting tifffile>=2022.8.12
  Using cached tifffile-2025.5.10-py3-none-any.whl (226 kB)
Collecting networkx>=3.0
  Using cached networkx-3.4.2-py3-none-any.whl (1.7 MB)
Collecting et-xmlfile
  Using cached et_xmlfile-2.0.0-py3-none-any.whl (18 kB)
Collecting opencv-python-headless>=4.5
  Using cached opencv_python_headless-5.0.0.93-cp37-abi3-manylinux_2_28_x86_64.whl (61.2 MB)
Collecting PyMuPDF>=1.26.7
  Using cached pymupdf-1.28.2-cp310-abi3-manylinux_2_28_x86_64.whl (25.8 MB)
Collecting cssutils
  Using cached cssutils-2.15.0-py3-none-any.whl (180 kB)
Collecting cachetools
  Using cached cachetools-7.2.0-py3-none-any.whl (16 kB)
Collecting cssselect
  Using cached cssselect-1.5.0-py3-none-any.whl (20 kB)
Collecting urllib3<3,>=1.26
  Using cached urllib3-2.8.0-py3-none-any.whl (135 kB)
Collecting charset_normalizer<4,>=2
  Using cached charset_normalizer-3.5.2-cp310-cp310-manylinux2014_x86_64.manylinux_2_17_x86_64.manylinux_2_28_x86_64.whl (271 kB)
Collecting mpmath<1.4,>=1.1.0
  Using cached mpmath-1.3.0-py3-none-any.whl (536 kB)
Collecting bce-python-sdk
  Using cached bce_python_sdk-0.9.79-py3-none-any.whl (440 kB)
Collecting Flask-Babel>=3.0.0
  Using cached flask_babel-4.0.0-py3-none-any.whl (9.6 kB)
Collecting flask>=1.1.1
  Using cached flask-3.1.3-py3-none-any.whl (103 kB)
Collecting rarfile
  Using cached rarfile-4.5-py3-none-any.whl (30 kB)
Collecting werkzeug>=3.1.0
  Using cached werkzeug-3.1.9-py3-none-any.whl (228 kB)
Collecting click>=8.1.3
  Using cached click-8.5.0-py3-none-any.whl (125 kB)
Collecting blinker>=1.9.0
  Using cached blinker-1.9.0-py3-none-any.whl (8.5 kB)
Collecting itsdangerous>=2.2.0
  Using cached itsdangerous-2.2.0-py3-none-any.whl (16 kB)
Collecting Babel>=2.12
  Using cached babel-2.18.0-py3-none-any.whl (10.2 MB)
Collecting parso<0.9.0,>=0.8.6
  Using cached parso-0.8.7-py2.py3-none-any.whl (107 kB)
Collecting rpds-py>=0.25.0
  Using cached rpds_py-0.30.0-cp310-cp310-manylinux_2_17_x86_64.manylinux2014_x86_64.whl (390 kB)
Collecting referencing>=0.28.4
  Using cached referencing-0.37.0-py3-none-any.whl (26 kB)
Collecting attrs>=22.2.0
  Using cached attrs-26.1.0-py3-none-any.whl (67 kB)
Collecting jsonschema-specifications>=2023.03.6
  Using cached jsonschema_specifications-2025.9.1-py3-none-any.whl (18 kB)
Collecting opencv-python-headless>=4.5
  Using cached opencv_python_headless-4.14.0.94-cp37-abi3-manylinux_2_28_x86_64.whl (62.0 MB)
  Using cached opencv_python_headless-4.13.0.92-cp37-abi3-manylinux_2_28_x86_64.whl (60.4 MB)
  Using cached opencv_python_headless-4.13.0.90-cp37-abi3-manylinux_2_28_x86_64.whl (62.5 MB)
  Using cached opencv_python_headless-4.12.0.88-cp37-abi3-manylinux2014_x86_64.manylinux_2_17_x86_64.whl (54.0 MB)
  Using cached opencv_python_headless-4.11.0.86-cp37-abi3-manylinux_2_17_x86_64.manylinux2014_x86_64.whl (50.0 MB)
Collecting ptyprocess>=0.5
  Using cached ptyprocess-0.7.0-py2.py3-none-any.whl (13 kB)
Collecting wcwidth>=0.1.4
  Using cached wcwidth-0.9.1-cp310-abi3-manylinux2014_x86_64.manylinux_2_17_x86_64.whl (768 kB)
Collecting pycryptodome>=3.8.0
  Using cached pycryptodome-3.23.0-cp37-abi3-manylinux_2_17_x86_64.manylinux2014_x86_64.whl (2.3 MB)
Collecting future>=0.6.0
  Using cached future-1.0.0-py3-none-any.whl (491 kB)
Collecting crc32c>=2.2.post0
  Using cached crc32c-2.9.post0-cp310-cp310-manylinux1_x86_64.manylinux_2_28_x86_64.manylinux_2_5_x86_64.whl (79 kB)
Collecting more_itertools
  Using cached more_itertools-11.1.0-py3-none-any.whl (72 kB)
Collecting encutils
  Using cached encutils-1.0.0-py3-none-any.whl (21 kB)
Collecting cycler>=0.10
  Using cached cycler-0.12.1-py3-none-any.whl (8.3 kB)
Collecting pyparsing>=3
  Using cached pyparsing-3.3.3-py3-none-any.whl (126 kB)
Collecting kiwisolver>=1.3.1
  Using cached kiwisolver-1.5.1-cp310-cp310-manylinux_2_12_x86_64.manylinux2010_x86_64.whl (1.6 MB)
Collecting contourpy>=1.0.1
  Using cached contourpy-1.3.2-cp310-cp310-manylinux_2_17_x86_64.manylinux2014_x86_64.whl (325 kB)
Collecting pure-eval
  Using cached pure_eval-0.2.4-py3-none-any.whl (11 kB)
Collecting executing>=1.2.0
  Using cached executing-2.2.1-py2.py3-none-any.whl (28 kB)
Collecting asttokens>=2.1.0
  Using cached asttokens-3.0.2-py3-none-any.whl (28 kB)
Collecting chardet
  Using cached chardet-7.6.0-cp310-cp310-manylinux2014_x86_64.manylinux_2_17_x86_64.manylinux_2_28_x86_64.whl (1.5 MB)
Installing collected packages: pytz, pure-eval, ptyprocess, mpmath, flatbuffers, antlr4-python3-runtime, webencodings, wcwidth, urllib3, tzdata, typing_extensions, traitlets, tqdm, tornado, termcolor, sympy, soupsieve, six, setuptools, rpds-py, rarfile, rapidfuzz, pyzmq, PyYAML, pyparsing, PyMuPDF, pygments, pycryptodome, pyclipper, psutil, protobuf, platformdirs, Pillow, pexpect, parso, pandocfilters, packaging, numpy, networkx, nest-asyncio2, more_itertools, markupsafe, lxml, lmdb, kiwisolver, jupyterlab-pygments, itsdangerous, idna, humanfriendly, h11, future, fonttools, fastjsonschema, executing, et-xmlfile, defusedxml, decorator, debugpy, cython, cycler, cssselect, crc32c, comm, colorlog, click, charset_normalizer, chardet, certifi, cachetools, blinker, Babel, attrs, asttokens, astor, werkzeug, tinycss2, tifffile, stack_data, Shapely, scipy, requests, referencing, python-docx, python-dateutil, prompt_toolkit, opt-einsum, openpyxl, opencv-python-headless, opencv-python, opencv-contrib-python, omegaconf, mistune, matplotlib-inline, lazy-loader, jupyter-core, jinja2, jedi, imageio, httpcore, fire, exceptiongroup, encutils, contourpy, coloredlogs, bleach, beautifulsoup4, bce-python-sdk, attrdict, scikit-image, rapidocr, pdf2docx, pandas, onnxruntime, matplotlib, jupyter-client, jsonschema-specifications, ipython, flask, cssutils, anyio, premailer, jsonschema, ipykernel, imgaug, httpx, Flask-Babel, visualdl, paddlepaddle, nbformat, paddleocr, nbclient, nbconvert
  DEPRECATION: antlr4-python3-runtime is being installed using the legacy 'setup.py install' method, because it does not have a 'pyproject.toml' and the 'wheel' package is not installed. pip 23.1 will enforce this behaviour change. A possible replacement is to enable the '--use-pep517' option. Discussion can be found at https://github.com/pypa/pip/issues/8559
  Running setup.py install for antlr4-python3-runtime: started
  Running setup.py install for antlr4-python3-runtime: finished with status 'done'
  Attempting uninstall: setuptools
    Found existing installation: setuptools 79.0.1
    Uninstalling setuptools-79.0.1:
      Successfully uninstalled setuptools-79.0.1
Successfully installed Babel-2.18.0 Flask-Babel-4.0.0 Pillow-12.3.0 PyMuPDF-1.28.2 PyYAML-6.0.3 Shapely-2.1.2 antlr4-python3-runtime-4.9.3 anyio-4.15.1 astor-0.8.1 asttokens-3.0.2 attrdict-2.0.1 attrs-26.1.0 bce-python-sdk-0.9.79 beautifulsoup4-4.15.0 bleach-6.4.0 blinker-1.9.0 cachetools-7.2.0 certifi-2026.7.22 chardet-7.6.0 charset_normalizer-3.5.2 click-8.5.0 coloredlogs-15.0.1 colorlog-6.12.0 comm-0.2.3 contourpy-1.3.2 crc32c-2.9.post0 cssselect-1.5.0 cssutils-2.15.0 cycler-0.12.1 cython-3.3.0 debugpy-1.8.22 decorator-5.3.1 defusedxml-0.7.1 encutils-1.0.0 et-xmlfile-2.0.0 exceptiongroup-1.3.1 executing-2.2.1 fastjsonschema-2.22.2 fire-0.7.1 flask-3.1.3 flatbuffers-25.12.19 fonttools-4.65.0 future-1.0.0 h11-0.16.0 httpcore-1.0.9 httpx-0.28.1 humanfriendly-10.0 idna-3.20 imageio-2.38.0 imgaug-0.4.0 ipykernel-7.3.0 ipython-8.39.0 itsdangerous-2.2.0 jedi-0.20.0 jinja2-3.1.6 jsonschema-4.26.0 jsonschema-specifications-2025.9.1 jupyter-client-8.10.0 jupyter-core-5.9.1 jupyterlab-pygments-0.3.0 kiwisolver-1.5.1 lazy-loader-0.6 lmdb-2.3.0 lxml-6.1.3 markupsafe-3.0.3 matplotlib-3.10.9 matplotlib-inline-0.2.2 mistune-3.3.4 more_itertools-11.1.0 mpmath-1.3.0 nbclient-0.11.0 nbconvert-7.17.1 nbformat-5.11.1 nest-asyncio2-1.7.3 networkx-3.4.2 numpy-1.26.4 omegaconf-2.3.1 onnxruntime-1.19.2 opencv-contrib-python-4.6.0.66 opencv-python-4.6.0.66 opencv-python-headless-4.11.0.86 openpyxl-3.1.5 opt-einsum-3.3.0 packaging-26.3 paddleocr-2.7.3 paddlepaddle-2.6.2 pandas-2.3.3 pandocfilters-1.5.1 parso-0.8.7 pdf2docx-0.5.13 pexpect-4.9.0 platformdirs-4.12.2 premailer-3.10.0 prompt_toolkit-3.0.53 protobuf-7.36.2 psutil-7.2.2 ptyprocess-0.7.0 pure-eval-0.2.4 pyclipper-1.4.0 pycryptodome-3.23.0 pygments-2.21.0 pyparsing-3.3.3 python-dateutil-2.9.0.post0 python-docx-1.2.0 pytz-2026.4 pyzmq-27.2.0 rapidfuzz-3.14.5 rapidocr-3.9.2 rarfile-4.5 referencing-0.37.0 requests-2.34.2 rpds-py-0.30.0 scikit-image-0.25.2 scipy-1.15.3 setuptools-84.0.0 six-1.17.0 soupsieve-2.10 stack_data-0.6.3 sympy-1.14.0 termcolor-3.3.0 tifffile-2025.5.10 tinycss2-1.5.1 tornado-6.5.10 tqdm-4.70.1 traitlets-5.16.1 typing_extensions-4.16.0 tzdata-2026.4 urllib3-2.8.0 visualdl-2.5.3 wcwidth-0.9.1 webencodings-0.6.1 werkzeug-3.1.9

[notice] A new release of pip is available: 23.0.1 -> 26.2.1
[notice] To update, run: pip install --upgrade pip
+ bash download_weights.sh
[32m[INFO] 2026-10-02 07:21:29,363 [RapidOCR] base.py:23: Using engine_name: onnxruntime[0m
[32m[INFO] 2026-10-02 07:21:29,389 [RapidOCR] download_file.py:60: File exists and is valid: /workspaces/itda3-dscover-capybara/.venv/lib/python3.10/site-packages/rapidocr/models/PP-OCRv6_det_small.onnx[0m
[32m[INFO] 2026-10-02 07:21:29,389 [RapidOCR] main.py:63: Using /workspaces/itda3-dscover-capybara/.venv/lib/python3.10/site-packages/rapidocr/models/PP-OCRv6_det_small.onnx[0m
[32m[INFO] 2026-10-02 07:21:29,451 [RapidOCR] base.py:23: Using engine_name: onnxruntime[0m
[32m[INFO] 2026-10-02 07:21:29,453 [RapidOCR] download_file.py:60: File exists and is valid: /workspaces/itda3-dscover-capybara/.venv/lib/python3.10/site-packages/rapidocr/models/ch_ppocr_mobile_v2.0_cls_mobile.onnx[0m
[32m[INFO] 2026-10-02 07:21:29,453 [RapidOCR] main.py:63: Using /workspaces/itda3-dscover-capybara/.venv/lib/python3.10/site-packages/rapidocr/models/ch_ppocr_mobile_v2.0_cls_mobile.onnx[0m
[32m[INFO] 2026-10-02 07:21:29,492 [RapidOCR] base.py:23: Using engine_name: onnxruntime[0m
[32m[INFO] 2026-10-02 07:21:29,509 [RapidOCR] download_file.py:60: File exists and is valid: /workspaces/itda3-dscover-capybara/.venv/lib/python3.10/site-packages/rapidocr/models/PP-OCRv6_rec_small.onnx[0m
[32m[INFO] 2026-10-02 07:21:29,510 [RapidOCR] main.py:63: Using /workspaces/itda3-dscover-capybara/.venv/lib/python3.10/site-packages/rapidocr/models/PP-OCRv6_rec_small.onnx[0m
[32m[INFO] 2026-10-02 07:21:29,634 [RapidOCR] base.py:23: Using engine_name: onnxruntime[0m
[32m[INFO] 2026-10-02 07:21:29,634 [RapidOCR] download_file.py:68: Initiating download: https://www.modelscope.cn/models/RapidAI/RapidOCR/resolve/v3.9.2/onnx/PP-OCRv6/det/PP-OCRv6_det_medium.onnx[0m
[32m[INFO] 2026-10-02 07:21:31,093 [RapidOCR] download_file.py:82: Download size: 59.24MB[0m
[32m[INFO] 2026-10-02 07:21:32,176 [RapidOCR] download_file.py:95: Successfully saved to: /workspaces/itda3-dscover-capybara/.venv/lib/python3.10/site-packages/rapidocr/models/PP-OCRv6_det_medium.onnx[0m
[32m[INFO] 2026-10-02 07:21:32,178 [RapidOCR] main.py:63: Using /workspaces/itda3-dscover-capybara/.venv/lib/python3.10/site-packages/rapidocr/models/PP-OCRv6_det_medium.onnx[0m
[32m[INFO] 2026-10-02 07:21:32,343 [RapidOCR] base.py:23: Using engine_name: onnxruntime[0m
[32m[INFO] 2026-10-02 07:21:32,344 [RapidOCR] download_file.py:60: File exists and is valid: /workspaces/itda3-dscover-capybara/.venv/lib/python3.10/site-packages/rapidocr/models/ch_ppocr_mobile_v2.0_cls_mobile.onnx[0m
[32m[INFO] 2026-10-02 07:21:32,344 [RapidOCR] main.py:63: Using /workspaces/itda3-dscover-capybara/.venv/lib/python3.10/site-packages/rapidocr/models/ch_ppocr_mobile_v2.0_cls_mobile.onnx[0m
[32m[INFO] 2026-10-02 07:21:32,387 [RapidOCR] base.py:23: Using engine_name: onnxruntime[0m
[32m[INFO] 2026-10-02 07:21:32,405 [RapidOCR] download_file.py:60: File exists and is valid: /workspaces/itda3-dscover-capybara/.venv/lib/python3.10/site-packages/rapidocr/models/PP-OCRv6_rec_small.onnx[0m
[32m[INFO] 2026-10-02 07:21:32,405 [RapidOCR] main.py:63: Using /workspaces/itda3-dscover-capybara/.venv/lib/python3.10/site-packages/rapidocr/models/PP-OCRv6_rec_small.onnx[0m
[32m[INFO] 2026-10-02 07:21:32,516 [RapidOCR] base.py:23: Using engine_name: onnxruntime[0m
[32m[INFO] 2026-10-02 07:21:32,525 [RapidOCR] download_file.py:60: File exists and is valid: /workspaces/itda3-dscover-capybara/.venv/lib/python3.10/site-packages/rapidocr/models/PP-OCRv6_det_small.onnx[0m
[32m[INFO] 2026-10-02 07:21:32,525 [RapidOCR] main.py:63: Using /workspaces/itda3-dscover-capybara/.venv/lib/python3.10/site-packages/rapidocr/models/PP-OCRv6_det_small.onnx[0m
[32m[INFO] 2026-10-02 07:21:32,569 [RapidOCR] base.py:23: Using engine_name: onnxruntime[0m
[32m[INFO] 2026-10-02 07:21:32,570 [RapidOCR] download_file.py:60: File exists and is valid: /workspaces/itda3-dscover-capybara/.venv/lib/python3.10/site-packages/rapidocr/models/ch_ppocr_mobile_v2.0_cls_mobile.onnx[0m
[32m[INFO] 2026-10-02 07:21:32,570 [RapidOCR] main.py:63: Using /workspaces/itda3-dscover-capybara/.venv/lib/python3.10/site-packages/rapidocr/models/ch_ppocr_mobile_v2.0_cls_mobile.onnx[0m
[32m[INFO] 2026-10-02 07:21:32,618 [RapidOCR] base.py:23: Using engine_name: onnxruntime[0m
[32m[INFO] 2026-10-02 07:21:32,618 [RapidOCR] download_file.py:68: Initiating download: https://www.modelscope.cn/models/RapidAI/RapidOCR/resolve/v3.9.2/onnx/PP-OCRv5/rec/korean_PP-OCRv5_rec_mobile.onnx[0m
[32m[INFO] 2026-10-02 07:21:34,021 [RapidOCR] download_file.py:82: Download size: 12.86MB[0m
[32m[INFO] 2026-10-02 07:21:34,250 [RapidOCR] download_file.py:95: Successfully saved to: /workspaces/itda3-dscover-capybara/.venv/lib/python3.10/site-packages/rapidocr/models/korean_PP-OCRv5_rec_mobile.onnx[0m
[32m[INFO] 2026-10-02 07:21:34,252 [RapidOCR] main.py:63: Using /workspaces/itda3-dscover-capybara/.venv/lib/python3.10/site-packages/rapidocr/models/korean_PP-OCRv5_rec_mobile.onnx[0m
[32m[INFO] 2026-10-02 07:21:34,395 [RapidOCR] base.py:23: Using engine_name: onnxruntime[0m
[32m[INFO] 2026-10-02 07:21:34,404 [RapidOCR] download_file.py:60: File exists and is valid: /workspaces/itda3-dscover-capybara/.venv/lib/python3.10/site-packages/rapidocr/models/PP-OCRv6_det_small.onnx[0m
[32m[INFO] 2026-10-02 07:21:34,404 [RapidOCR] main.py:63: Using /workspaces/itda3-dscover-capybara/.venv/lib/python3.10/site-packages/rapidocr/models/PP-OCRv6_det_small.onnx[0m
[32m[INFO] 2026-10-02 07:21:34,480 [RapidOCR] base.py:23: Using engine_name: onnxruntime[0m
[32m[INFO] 2026-10-02 07:21:34,481 [RapidOCR] download_file.py:60: File exists and is valid: /workspaces/itda3-dscover-capybara/.venv/lib/python3.10/site-packages/rapidocr/models/ch_ppocr_mobile_v2.0_cls_mobile.onnx[0m
[32m[INFO] 2026-10-02 07:21:34,481 [RapidOCR] main.py:63: Using /workspaces/itda3-dscover-capybara/.venv/lib/python3.10/site-packages/rapidocr/models/ch_ppocr_mobile_v2.0_cls_mobile.onnx[0m
[32m[INFO] 2026-10-02 07:21:34,527 [RapidOCR] base.py:23: Using engine_name: onnxruntime[0m
[32m[INFO] 2026-10-02 07:21:34,528 [RapidOCR] download_file.py:68: Initiating download: https://www.modelscope.cn/models/RapidAI/RapidOCR/resolve/v3.9.2/onnx/PP-OCRv5/rec/en_PP-OCRv5_rec_mobile.onnx[0m
[32m[INFO] 2026-10-02 07:21:36,257 [RapidOCR] download_file.py:82: Download size: 7.51MB[0m
[32m[INFO] 2026-10-02 07:21:36,404 [RapidOCR] download_file.py:95: Successfully saved to: /workspaces/itda3-dscover-capybara/.venv/lib/python3.10/site-packages/rapidocr/models/en_PP-OCRv5_rec_mobile.onnx[0m
[32m[INFO] 2026-10-02 07:21:36,407 [RapidOCR] main.py:63: Using /workspaces/itda3-dscover-capybara/.venv/lib/python3.10/site-packages/rapidocr/models/en_PP-OCRv5_rec_mobile.onnx[0m
copied 6 onnx -> /workspaces/itda3-dscover-capybara/weights/rapidocr
downloading https://paddleocr.bj.bcebos.com/PP-OCRv3/multilingual/Multilingual_PP-OCRv3_det_infer.tar
  % Total    % Received % Xferd  Average Speed   Time    Time     Time  Current
                                 Dload  Upload   Total   Spent    Left  Speed
  0     0    0     0    0     0      0      0 --:--:-- --:--:-- --:--:--     0  0 3762k    0  2619    0     0   5061      0  0:12:41 --:--:--  0:12:41  5055100 3762k  100 3762k    0     0  3402k      0  0:00:01  0:00:01 --:--:-- 3404k
downloading https://paddleocr.bj.bcebos.com/PP-OCRv4/multilingual/korean_PP-OCRv4_rec_infer.tar
  % Total    % Received % Xferd  Average Speed   Time    Time     Time  Current
                                 Dload  Upload   Total   Spent    Left  Speed
  0     0    0     0    0     0      0      0 --:--:-- --:--:-- --:--:--     0  0 23.2M    0 35389    0     0   108k      0  0:03:39 --:--:--  0:03:39  108k100 23.2M  100 23.2M    0     0  18.5M      0  0:00:01  0:00:01 --:--:-- 18.6M
downloading https://paddleocr.bj.bcebos.com/dygraph_v2.0/ch/ch_ppocr_mobile_v2.0_cls_infer.tar
  % Total    % Received % Xferd  Average Speed   Time    Time     Time  Current
                                 Dload  Upload   Total   Spent    Left  Speed
  0     0    0     0    0     0      0      0 --:--:-- --:--:-- --:--:--     0100 2137k  100 2137k    0     0  2691k      0 --:--:-- --:--:-- --:--:-- 2692k
tar: Ignoring unknown extended header keyword 'LIBARCHIVE.xattr.com.apple.lastuseddate#PS'
downloading https://github.com/GHLee1016/itda3-dscover-capybara/releases/download/v1.0/date_v1.onnx
  % Total    % Received % Xferd  Average Speed   Time    Time     Time  Current
                                 Dload  Upload   Total   Spent    Left  Speed
  0     0    0     0    0     0      0      0 --:--:-- --:--:-- --:--:--     0  0     0    0     0    0     0      0      0 --:--:-- --:--:-- --:--:--     0  0     0    0     0    0     0      0      0 --:--:-- --:--:-- --:--:--     0
100 10.7M  100 10.7M    0     0  24.3M      0 --:--:-- --:--:-- --:--:-- 24.3M
downloading https://github.com/GHLee1016/itda3-dscover-capybara/releases/download/v1.0/dotcrnn_v1.onnx
  % Total    % Received % Xferd  Average Speed   Time    Time     Time  Current
                                 Dload  Upload   Total   Spent    Left  Speed
  0     0    0     0    0     0      0      0 --:--:-- --:--:-- --:--:--     0  0     0    0     0    0     0      0      0 --:--:-- --:--:-- --:--:--     0
100 13513  100 13513    0     0  35633      0 --:--:-- --:--:-- --:--:-- 35633

=== weights/ 점검
  OK  [필수] 주력 det     9.9 MB  rapidocr/PP-OCRv6_det_small.onnx
  OK  [필수] 주력 rec    21.2 MB  rapidocr/PP-OCRv6_rec_small.onnx
  OK  [권장] 주력 cls     0.6 MB  rapidocr/ch_ppocr_mobile_v2.0_cls_mobile.onnx
  OK  [권장] 재시도 det    62.1 MB  rapidocr/PP-OCRv6_det_medium.onnx
  OK  [권장] 재시도 rec 한국어    13.5 MB  rapidocr/korean_PP-OCRv5_rec_mobile.onnx
  OK  [권장] 재시도 rec 영문     7.9 MB  rapidocr/en_PP-OCRv5_rec_mobile.onnx
  OK  [권장] 도트 판독기     0.0 MB  dot/dotcrnn_v1.onnx
  OK  [권장] 보조 det     1.4 MB  det/ml/Multilingual_PP-OCRv3_det_infer/inference.pdmodel
  OK  [권장] 보조 rec     0.4 MB  rec/korean/korean_PP-OCRv4_rec_infer/inference.pdmodel
  OK  [권장] 보조 cls     1.6 MB  cls/ch_ppocr_mobile_v2.0_cls_infer/inference.pdmodel
  OK  [권장] 날짜검출기    11.2 MB  yolo/date_v1.onnx

주력 엔진 준비 완료. predict.ipynb 를 실행할 수 있다.

done. weights at: /workspaces/itda3-dscover-capybara/weights
+ ITDA_INPUT_DIR=./sample
+ ITDA_OUTPUT_PATH=/tmp/out.csv
+ jupyter nbconvert --to notebook --execute predict.ipynb --output /tmp/executed.ipynb
[NbConvertApp] Converting notebook predict.ipynb to notebook
/workspaces/itda3-dscover-capybara/.venv/lib/python3.10/site-packages/nbformat/validator.py:434: MissingIDFieldWarning: Cell is missing an id field, this will become a hard error in future nbformat versions. You may want to use `normalize()` on your notebooks before validations (available since nbformat 5.1.4). Previous versions of nbformat are fixing this issue transparently, and will stop doing so in the future.
  _validate(nbdict, ref, version, version_minor, relax_add_props)
[IPKernelApp] WARNING | Kernel is running over TCP without encryption. All communication (including code and outputs) is sent in plain text and is susceptible to eavesdropping. Use IPC transport or launch with kernel manager-provisioned CurveZMQ keys to enable transport encryption.
[NbConvertApp] Writing 151760 bytes to /tmp/executed.ipynb

real	2m47.958s
user	6m56.358s
sys	0m16.732s
+ set +x
rows: 51
image_id,year,month,day,final_date
000001,2027,06,26,2027-06-26
000068,2026,06,17,2026-06-17
000135,2026,04,18,2026-04-18
000202,2027,02,06,2027-02-06
